[acklat.com/NAFIDA/index-1.html]
[backblue.gif]
[fade.gif]
[index.html]
[maxcdn.bootstrapcdn.com/font-awesome/4.7.0/css/font-awesome.min.css]
[acklat.com/NAFIDA/favicon.ico]
[acklat.com/NAFIDA/images/pers-pic.jpg]
[acklat.com/NAFIDA/images/DJI_0118.jpg]
[acklat.com/NAFIDA/images/HNCK2530.jpg]
[acklat.com/NAFIDA/images/P1020724.jpg]
[acklat.com/NAFIDA/images/HNCK9221.jpg]
[acklat.com/NAFIDA/images/DSC01002.jpg]
[acklat.com/NAFIDA/images/DSC01103.jpg]
[acklat.com/NAFIDA/images/HNCK4575.jpg]
[acklat.com/NAFIDA/images/HNCK9879.jpg]
[acklat.com/NAFIDA/images/blog1.jpg]
[acklat.com/NAFIDA/single-post.html]
[acklat.com/NAFIDA/images/blog2.jpg]
[acklat.com/NAFIDA/images/blog3.jpg]
[acklat.com/NAFIDA/js/jquery-1.12.4.min.js]
[acklat.com/NAFIDA/js/jquery.popup.js]
[acklat.com/NAFIDA/js/script.js]
[acklat.com/NAFIDA/index-1.html]
[maxcdn.bootstrapcdn.com/font-awesome/4.7.0/css/font-awesome.min.css]
[acklat.com/NAFIDA/css/general_style.css]
[acklat.com/NAFIDA/css/main_style.css]
[acklat.com/NAFIDA/css/reset_style.css]
[acklat.com/NAFIDA/images/ring.svg]
[acklat.com/NAFIDA/single-post.html]
[cdn.linearicons.com/free/1.0.0/icon-font.min.css]
